componentstree.dfm
componentstree.dfm
componentstree.dfm
componentstree.dfm
componentstree.dfm
componentstree.dfm
componentstree.dfm
componentstree.dfm
componentstree.dfm
componentstree.dfm
componentstree.dfm
componentstree.dfm
destination.dfm
destination.dfm
destination.dfm
destination.dfm
destination.dfm
destination.dfm
destination.dfm
destination.dfm
destination.dfm
destination.dfm
destination.dfm
directdeploy_login.dfm
directdeploy_login.dfm
directdeploy_login.dfm
directdeploy_login.dfm
directdeploy_login.dfm
directdeploy_login.dfm
directdeploy_login.dfm
directdeploy_login.dfm
directdeploy_login.dfm
directdeploy_login.dfm
directdeploy_login.dfm
directdeploy_login.dfm
directdeploy_login.dfm
directdeploy_login.dfm
directdeploy_progress.dfm
directdeploy_progress.dfm
directdeploy_progress.dfm
directdeploy_progress.dfm
directdeploy_progress.dfm
directdeploy_progress.dfm
directdeploy_progress.dfm
directdeploy_progress.dfm
directdeploy_progress.dfm
directdeploy_query.dfm
directdeploy_query.dfm
directdeploy_query.dfm
directdeploy_query.dfm
directdeploy_query.dfm
directdeploy_query.dfm
directdeploy_query.dfm
directdeploy_query.dfm
directdeploy_query.dfm
directdeploy_query.dfm
directdeploy_query.dfm
directdeploy_query.dfm
directdeploy_query.dfm
finish.dfm
finish.dfm
finish.dfm
finish.dfm
finish.dfm
finish.dfm
finish.dfm
finish.dfm
finish.dfm
finish.dfm
finish.dfm
finish.dfm
finish.dfm
finish.dfm
finish.dfm
licensecheck.dfm
licensecheck.dfm
licensecheck.dfm
licensecheck.dfm
licensecheck.dfm
licensecheck.dfm
licensecheck.dfm
licensecheck.dfm
maintenance.dfm
maintenance.dfm
maintenance.dfm
maintenance.dfm
maintenance.dfm
maintenance.dfm
maintenance.dfm
maintenance.dfm
maintenance.dfm
maintenance.dfm
prereq.dfm
prereq.dfm
prereq.dfm
prereq.dfm
prereq.dfm
prereq.dfm
prereq.dfm
prereq.dfm
progress.dfm
progress.dfm
progress.dfm
progress.dfm
progress.dfm
progress.dfm
progress.dfm
progress.dfm
progress.dfm
progress.dfm
progress.dfm
progress.dfm
progressprereq.dfm
progressprereq.dfm
progressprereq.dfm
progressprereq.dfm
progressprereq.dfm
progressprereq.dfm
progressprereq.dfm
progressprereq.dfm
progressprereq.dfm
progressprereq.dfm
progressprereq.dfm
progressprereq.dfm
readme.dfm
readme.dfm
readme.dfm
readme.dfm
readme.dfm
readme.dfm
readme.dfm
readme.dfm
registration.dfm
registration.dfm
registration.dfm
registration.dfm
registration.dfm
registration.dfm
registration.dfm
registration.dfm
registration.dfm
registration.dfm
registration.dfm
registration.dfm
registrationwithserial.dfm
registrationwithserial.dfm
registrationwithserial.dfm
registrationwithserial.dfm
registrationwithserial.dfm
registrationwithserial.dfm
registrationwithserial.dfm
registrationwithserial.dfm
registrationwithserial.dfm
registrationwithserial.dfm
registrationwithserial.dfm
registrationwithserial.dfm
registrationwithserial.dfm
registrationwithserial.dfm
registrationwithserial.dfm
registrationwithserial.dfm
registrationwithserial.dfm
registrationwithserial.dfm
setuptype.dfm
setuptype.dfm
setuptype.dfm
setuptype.dfm
setuptype.dfm
setuptype.dfm
setuptype.dfm
setuptype.dfm
setuptype.dfm
startinstallation.dfm
startinstallation.dfm
startinstallation.dfm
startinstallation.dfm
startinstallation.dfm
startinstallation.dfm
startinstallation.dfm
startinstallation.dfm
startmenu.dfm
startmenu.dfm
startmenu.dfm
startmenu.dfm
startmenu.dfm
startmenu.dfm
startmenu.dfm
startmenu.dfm
startmenu.dfm
startmenu.dfm
startmenu.dfm
update_download.dfm
update_download.dfm
update_download.dfm
update_download.dfm
update_download.dfm
update_download.dfm
update_download.dfm
update_download.dfm
update_download.dfm
update_download.dfm
update_download.dfm
update_install.dfm
update_install.dfm
update_install.dfm
update_install.dfm
update_install.dfm
update_install.dfm
update_install.dfm
update_install.dfm
update_install.dfm
update_install.dfm
update_install.dfm
update_notify_download.dfm
update_notify_download.dfm
update_notify_download.dfm
update_notify_download.dfm
update_notify_download.dfm
update_notify_download.dfm
update_notify_download.dfm
update_notify_download.dfm
update_notify_download.dfm
update_notify_download.dfm
update_notify_download.dfm
update_notify_download.dfm
update_notify_download.dfm
update_notify_install.dfm
update_notify_install.dfm
update_notify_install.dfm
update_notify_install.dfm
update_notify_install.dfm
update_notify_install.dfm
update_notify_install.dfm
update_notify_install.dfm
update_notify_install.dfm
update_notify_install.dfm
update_notify_install.dfm
update_notify_install.dfm
update_notify_install.dfm
update_reboot.dfm
update_reboot.dfm
update_reboot.dfm
update_reboot.dfm
update_reboot.dfm
update_setup_account.dfm
update_setup_account.dfm
update_setup_account.dfm
update_setup_account.dfm
update_setup_account.dfm
update_setup_account.dfm
update_setup_account.dfm
update_setup_account.dfm
update_setup_account.dfm
update_setup_account.dfm
update_setup_account.dfm
update_setup_account.dfm
update_setup_account.dfm
update_setup_account.dfm
update_setup_account.dfm
update_setup_account.dfm
update_setup_finish.dfm
update_setup_finish.dfm
update_setup_finish.dfm
update_setup_finish.dfm
update_setup_finish.dfm
update_setup_finish.dfm
update_setup_finish.dfm
update_setup_finish.dfm
update_setup_finish.dfm
update_setup_finish.dfm
update_setup_schedule.dfm
update_setup_schedule.dfm
update_setup_schedule.dfm
update_setup_schedule.dfm
update_setup_schedule.dfm
update_setup_schedule.dfm
update_setup_schedule.dfm
update_setup_schedule.dfm
update_setup_schedule.dfm
update_setup_schedule.dfm
update_setup_schedule.dfm
update_setup_schedule.dfm
update_setup_schedule.dfm
update_setup_schedule.dfm
update_setup_schedule.dfm
update_setup_schedule.dfm
update_setup_schedule.dfm
update_setup_welcome.dfm
update_setup_welcome.dfm
update_setup_welcome.dfm
update_setup_welcome.dfm
update_setup_welcome.dfm
update_setup_welcome.dfm
update_setup_welcome.dfm
update_setup_welcome.dfm
update_setup_welcome.dfm
update_setup_welcome.dfm
welcome.dfm
welcome.dfm
welcome.dfm
welcome.dfm
welcome.dfm
welcome.dfm
welcome.dfm
welcome.dfm
wizard.dfm
wizard.dfm
wizard.dfm
wizard.dfm
wizard.dfm
wizard.dfm
wizard.dfm
wizard.dfm
SetVariable
SetVariable
SetVariable
SetVariable
SetVariable
SetVariable
SetVariable
SetVariable
SetVariable
SetVariable
SetVariable
SetVariable
SetVariable
SetVariable
SetVariable
SetVariable
SetVariable
SetVariable
SetVariable
SetVariable
SetVariable
SetVariable
SetVariable
SetVariable
SetVariable
SetVariable
SetVariable
SetVariable
Shortcut
Shortcut
DefComponent
DefComponent
GetComponent
xMessageBox
xMessageBox
xMessageBox
xMessageBox
xMessageBox
xMessageBox
xMessageBox
xMessageBox
xMessageBox
xMessageBox
xMessageBox
xMessageBox
SetComponent
SetComponent
If
If
If
If
If
If
If
If
If
If
If
If
If
If
If
If
If
If
If
If
If
If
If
If
If
If
If
If
If
If
If
If
If
If
If
If
If
If
If
If
If
If
If
If
If
If
If
If
If
If
If
If
If
If
If
If
If
If
If
If
If
If
If
If
If
If
If
If
If
If
If
If
If
If
If
If
If
If
If
If
If
If
If
If
If
If
If
If
If
If
If
If
If
If
If
If
If
If
If
If
If
If
If
If
If
If
If
If
If
If
If
If
If
If
SetVariable
SetVariable
SetVariable
SetVariable
SetVariable
SetVariable
SetVariable
SetVariable
SetVariable
SetVariable
SetVariable
SetVariable
SetVariable
SetVariable
SetVariable
SetVariable
SetVariable
SetVariable
SetVariable
SetVariable
SetVariable
SetVariable
SetVariable
SetVariable
SetVariable
SetVariable
SetVariable
SetVariable
SetVariable
SetVariable
SetVariable
SetVariable
SetVariable
SetVariable
SetVariable
SetVariable
SetVariable
SetVariable
SetVariable
SetVariable
SetVariable
SetVariable
SetVariable
SetVariable
SetVariable
SetVariable
Control
xMessageBox
xMessageBox
xMessageBox
xMessageBox
If
If
If
If
If
If
If
If
If
If
If
If
If
If
If
If
If
If
If
If
If
If
If
If
If
If
If
If
If
If
If
If
If
If
If
If
If
If
If
If
If
If
If
If
If
If
If
If
If
If
If
If
If
If
If
If
If
If
If
If
SetVariable
SetVariable
SetVariable
SetVariable
SetVariable
SetVariable
SetVariable
xMessageBox
xMessageBox
xMessageBox
xMessageBox
If
If
If
If
If
If
SetVariable
SetVariable
SetVariable
SetVariable
SetVariable
SetVariable
xMessageBox
xMessageBox
xMessageBox
xMessageBox
xMessageBox
xMessageBox
xMessageBox
xMessageBox
If
If
If
If
If
If
If
If
If
If
If
If
SetVariable
SetVariable
SetVariable
SetVariable
SetVariable
SetVariable
SetVariable
SetVariable
SetVariable
SetVariable
SetVariable
SetVariable
SetVariable
SetVariable
SetVariable
xMessageBox
xMessageBox
xMessageBox
xMessageBox
xMessageBox
xMessageBox
If
If
If
If
If
If
If
If
If
If
If
If
If
If
If
If
If
If
If
If
If
If
If
If
If
If
If
If
SetVariable
SetVariable
SetVariable
SetVariable
SetVariable
xMessageBox
xMessageBox
xMessageBox
xMessageBox
If
If
If
If
If
If
SetVariable
SetVariable
SetVariable
SetVariable
SetVariable
xMessageBox
xMessageBox
xMessageBox
xMessageBox
If
If
If
If
If
If
If
If
SetVariable
SetVariable
xMessageBox
xMessageBox
xMessageBox
xMessageBox
xMessageBox
xMessageBox
If
If
If
If
If
If
If
If
If
If
If
If
If
If
If
If
SetVariable
SetVariable
SetVariable
SetVariable
xMessageBox
xMessageBox
xMessageBox
xMessageBox
If
If
If
If
If
If
If
If
If
If
If
If
